
Discarded input sections

 .group         0x00000000        0xc ./source/App.o
 .group         0x00000000        0xc ./source/App.o
 .group         0x00000000        0xc ./source/App.o
 .group         0x00000000        0xc ./source/App.o
 .group         0x00000000        0xc ./source/App.o
 .group         0x00000000        0xc ./source/App.o
 .group         0x00000000        0xc ./source/App.o
 .group         0x00000000        0xc ./source/App.o
 .group         0x00000000        0xc ./source/App.o
 .group         0x00000000        0xc ./source/App.o
 .group         0x00000000        0xc ./source/App.o
 .group         0x00000000        0xc ./source/App.o
 .text          0x00000000        0x0 ./source/App.o
 .data          0x00000000        0x0 ./source/App.o
 .bss           0x00000000        0x0 ./source/App.o
 .group         0x00000000        0xc ./source/gpio.o
 .group         0x00000000        0xc ./source/gpio.o
 .group         0x00000000        0xc ./source/gpio.o
 .group         0x00000000        0xc ./source/gpio.o
 .group         0x00000000        0xc ./source/gpio.o
 .group         0x00000000        0xc ./source/gpio.o
 .group         0x00000000        0xc ./source/gpio.o
 .group         0x00000000        0xc ./source/gpio.o
 .group         0x00000000        0xc ./source/gpio.o
 .group         0x00000000        0xc ./source/gpio.o
 .group         0x00000000        0xc ./source/gpio.o
 .text          0x00000000        0x0 ./source/gpio.o
 .data          0x00000000        0x0 ./source/gpio.o
 .bss           0x00000000        0x0 ./source/gpio.o
 .text.gpioRead
                0x00000000       0x64 ./source/gpio.o
 .debug_macro   0x00000000      0xa5a ./source/gpio.o
 .debug_macro   0x00000000      0x34e ./source/gpio.o
 .debug_macro   0x00000000       0x22 ./source/gpio.o
 .debug_macro   0x00000000       0x3a ./source/gpio.o
 .debug_macro   0x00000000       0x5c ./source/gpio.o
 .debug_macro   0x00000000       0x1c ./source/gpio.o
 .debug_macro   0x00000000       0x22 ./source/gpio.o
 .debug_macro   0x00000000       0xdf ./source/gpio.o
 .debug_macro   0x00000000      0xecf ./source/gpio.o
 .debug_macro   0x00000000       0x48 ./source/gpio.o
 .debug_macro   0x00000000     0xe07b ./source/gpio.o
 .group         0x00000000        0xc ./SDK/startup/hardware.o
 .group         0x00000000        0xc ./SDK/startup/hardware.o
 .group         0x00000000        0xc ./SDK/startup/hardware.o
 .group         0x00000000        0xc ./SDK/startup/hardware.o
 .group         0x00000000        0xc ./SDK/startup/hardware.o
 .group         0x00000000        0xc ./SDK/startup/hardware.o
 .group         0x00000000        0xc ./SDK/startup/hardware.o
 .group         0x00000000        0xc ./SDK/startup/hardware.o
 .group         0x00000000        0xc ./SDK/startup/hardware.o
 .group         0x00000000        0xc ./SDK/startup/hardware.o
 .group         0x00000000        0xc ./SDK/startup/hardware.o
 .group         0x00000000        0xc ./SDK/startup/hardware.o
 .group         0x00000000        0xc ./SDK/startup/hardware.o
 .text          0x00000000        0x0 ./SDK/startup/hardware.o
 .data          0x00000000        0x0 ./SDK/startup/hardware.o
 .bss           0x00000000        0x0 ./SDK/startup/hardware.o
 .debug_macro   0x00000000      0xa5a ./SDK/startup/hardware.o
 .debug_macro   0x00000000      0x34e ./SDK/startup/hardware.o
 .debug_macro   0x00000000       0x22 ./SDK/startup/hardware.o
 .debug_macro   0x00000000       0x5c ./SDK/startup/hardware.o
 .debug_macro   0x00000000       0x1c ./SDK/startup/hardware.o
 .debug_macro   0x00000000       0x22 ./SDK/startup/hardware.o
 .debug_macro   0x00000000       0xdf ./SDK/startup/hardware.o
 .debug_macro   0x00000000      0xecf ./SDK/startup/hardware.o
 .debug_macro   0x00000000       0x48 ./SDK/startup/hardware.o
 .debug_macro   0x00000000     0xe07b ./SDK/startup/hardware.o
 .group         0x00000000        0xc ./SDK/startup/main.o
 .group         0x00000000        0xc ./SDK/startup/main.o
 .group         0x00000000        0xc ./SDK/startup/main.o
 .group         0x00000000        0xc ./SDK/startup/main.o
 .group         0x00000000        0xc ./SDK/startup/main.o
 .group         0x00000000        0xc ./SDK/startup/main.o
 .group         0x00000000        0xc ./SDK/startup/main.o
 .group         0x00000000        0xc ./SDK/startup/main.o
 .group         0x00000000        0xc ./SDK/startup/main.o
 .group         0x00000000        0xc ./SDK/startup/main.o
 .group         0x00000000        0xc ./SDK/startup/main.o
 .group         0x00000000        0xc ./SDK/startup/main.o
 .group         0x00000000        0xc ./SDK/startup/main.o
 .text          0x00000000        0x0 ./SDK/startup/main.o
 .data          0x00000000        0x0 ./SDK/startup/main.o
 .bss           0x00000000        0x0 ./SDK/startup/main.o
 .debug_macro   0x00000000      0xa5a ./SDK/startup/main.o
 .debug_macro   0x00000000      0x34e ./SDK/startup/main.o
 .debug_macro   0x00000000       0x22 ./SDK/startup/main.o
 .debug_macro   0x00000000       0x10 ./SDK/startup/main.o
 .debug_macro   0x00000000       0x5c ./SDK/startup/main.o
 .debug_macro   0x00000000       0x1c ./SDK/startup/main.o
 .debug_macro   0x00000000       0x22 ./SDK/startup/main.o
 .debug_macro   0x00000000       0xdf ./SDK/startup/main.o
 .debug_macro   0x00000000      0xecf ./SDK/startup/main.o
 .debug_macro   0x00000000       0x48 ./SDK/startup/main.o
 .debug_macro   0x00000000     0xe07b ./SDK/startup/main.o
 .debug_macro   0x00000000     0x122b ./SDK/startup/main.o
 .debug_macro   0x00000000       0x16 ./SDK/startup/main.o
 .group         0x00000000        0xc ./SDK/startup/semihost_hardfault.o
 .text          0x00000000        0x0 ./SDK/startup/semihost_hardfault.o
 .data          0x00000000        0x0 ./SDK/startup/semihost_hardfault.o
 .bss           0x00000000        0x0 ./SDK/startup/semihost_hardfault.o
 .debug_macro   0x00000000      0xa5a ./SDK/startup/semihost_hardfault.o
 .group         0x00000000        0xc ./SDK/startup/startup_mk64f12.o
 .text          0x00000000        0x0 ./SDK/startup/startup_mk64f12.o
 .data          0x00000000        0x0 ./SDK/startup/startup_mk64f12.o
 .bss           0x00000000        0x0 ./SDK/startup/startup_mk64f12.o
 .text.PORTA_IRQHandler
                0x00000000        0x8 ./SDK/startup/startup_mk64f12.o
 .text.PORTB_IRQHandler
                0x00000000        0x8 ./SDK/startup/startup_mk64f12.o
 .text.PORTC_IRQHandler
                0x00000000        0x8 ./SDK/startup/startup_mk64f12.o
 .text.PORTD_IRQHandler
                0x00000000        0x8 ./SDK/startup/startup_mk64f12.o
 .text.PORTE_IRQHandler
                0x00000000        0x8 ./SDK/startup/startup_mk64f12.o
 .debug_macro   0x00000000      0xa5a ./SDK/startup/startup_mk64f12.o
 .group         0x00000000        0xc ./SDK/CMSIS/system_MK64F12.o
 .group         0x00000000        0xc ./SDK/CMSIS/system_MK64F12.o
 .group         0x00000000        0xc ./SDK/CMSIS/system_MK64F12.o
 .group         0x00000000        0xc ./SDK/CMSIS/system_MK64F12.o
 .group         0x00000000        0xc ./SDK/CMSIS/system_MK64F12.o
 .group         0x00000000        0xc ./SDK/CMSIS/system_MK64F12.o
 .group         0x00000000        0xc ./SDK/CMSIS/system_MK64F12.o
 .group         0x00000000        0xc ./SDK/CMSIS/system_MK64F12.o
 .group         0x00000000        0xc ./SDK/CMSIS/system_MK64F12.o
 .group         0x00000000        0xc ./SDK/CMSIS/system_MK64F12.o
 .group         0x00000000        0xc ./SDK/CMSIS/system_MK64F12.o
 .text          0x00000000        0x0 ./SDK/CMSIS/system_MK64F12.o
 .data          0x00000000        0x0 ./SDK/CMSIS/system_MK64F12.o
 .bss           0x00000000        0x0 ./SDK/CMSIS/system_MK64F12.o
 .data.SystemCoreClock
                0x00000000        0x4 ./SDK/CMSIS/system_MK64F12.o
 .text.SystemCoreClockUpdate
                0x00000000      0x278 ./SDK/CMSIS/system_MK64F12.o
 .debug_macro   0x00000000      0xa5a ./SDK/CMSIS/system_MK64F12.o
 .debug_macro   0x00000000      0x34e ./SDK/CMSIS/system_MK64F12.o
 .debug_macro   0x00000000       0x10 ./SDK/CMSIS/system_MK64F12.o
 .debug_macro   0x00000000       0x5c ./SDK/CMSIS/system_MK64F12.o
 .debug_macro   0x00000000       0x1c ./SDK/CMSIS/system_MK64F12.o
 .debug_macro   0x00000000       0x22 ./SDK/CMSIS/system_MK64F12.o
 .debug_macro   0x00000000       0xdf ./SDK/CMSIS/system_MK64F12.o
 .debug_macro   0x00000000      0xecf ./SDK/CMSIS/system_MK64F12.o
 .debug_macro   0x00000000       0x48 ./SDK/CMSIS/system_MK64F12.o
 .debug_macro   0x00000000     0xe07b ./SDK/CMSIS/system_MK64F12.o
 .debug_macro   0x00000000     0x122b ./SDK/CMSIS/system_MK64F12.o

Memory Configuration

Name             Origin             Length             Attributes
PROGRAM_FLASH    0x00000000         0x00100000         xr
SRAM_UPPER       0x20000000         0x00030000         xrw
SRAM_LOWER       0x1fff0000         0x00010000         xrw
FLEX_RAM         0x14000000         0x00001000         xrw
*default*        0x00000000         0xffffffff

Linker script and memory map

LOAD ./source/App.o
LOAD ./source/gpio.o
LOAD ./SDK/startup/hardware.o
LOAD ./SDK/startup/main.o
LOAD ./SDK/startup/semihost_hardfault.o
LOAD ./SDK/startup/startup_mk64f12.o
LOAD ./SDK/CMSIS/system_MK64F12.o
START GROUP
LOAD c:/nxp/mcuxpressoide_10.2.0_759/ide/tools/bin/../lib/gcc/arm-none-eabi/7.2.1/../../../../arm-none-eabi/lib/thumb/v7e-m/fpv4-sp/hard\libcr_c.a
LOAD c:/nxp/mcuxpressoide_10.2.0_759/ide/tools/bin/../lib/gcc/arm-none-eabi/7.2.1/thumb/v7e-m/fpv4-sp/hard\libcr_eabihelpers.a
END GROUP
                0x00000000                __base_PROGRAM_FLASH = 0x0
                0x00000000                __base_Flash = 0x0
                0x00100000                __top_PROGRAM_FLASH = 0x100000
                0x00100000                __top_Flash = 0x100000
                0x20000000                __base_SRAM_UPPER = 0x20000000
                0x20000000                __base_RAM = 0x20000000
                0x20030000                __top_SRAM_UPPER = 0x20030000
                0x20030000                __top_RAM = 0x20030000
                0x1fff0000                __base_SRAM_LOWER = 0x1fff0000
                0x1fff0000                __base_RAM2 = 0x1fff0000
                0x20000000                __top_SRAM_LOWER = 0x20000000
                0x20000000                __top_RAM2 = 0x20000000
                0x14000000                __base_FLEX_RAM = 0x14000000
                0x14000000                __base_RAM3 = 0x14000000
                0x14001000                __top_FLEX_RAM = 0x14001000
                0x14001000                __top_RAM3 = 0x14001000

.text           0x00000000     0x1198
 FILL mask 0xff
                0x00000000                __vectors_start__ = ABSOLUTE (.)
 *(SORT_BY_ALIGNMENT(.isr_vector))
 .isr_vector    0x00000000      0x198 ./SDK/startup/startup_mk64f12.o
                0x00000000                g_pfnVectors
                0x00000000                __Vectors
                0x00000198                . = ALIGN (0x4)
                0x00000198                __section_table_start = .
                0x00000198                __data_section_table = .
                0x00000198        0x4 LONG 0x1198 LOADADDR (.data)
                0x0000019c        0x4 LONG 0x20000000 ADDR (.data)
                0x000001a0        0x4 LONG 0x0 SIZEOF (.data)
                0x000001a4        0x4 LONG 0x1198 LOADADDR (.data_RAM2)
                0x000001a8        0x4 LONG 0x1fff0000 ADDR (.data_RAM2)
                0x000001ac        0x4 LONG 0x0 SIZEOF (.data_RAM2)
                0x000001b0        0x4 LONG 0x1198 LOADADDR (.data_RAM3)
                0x000001b4        0x4 LONG 0x14000000 ADDR (.data_RAM3)
                0x000001b8        0x4 LONG 0x0 SIZEOF (.data_RAM3)
                0x000001bc                __data_section_table_end = .
                0x000001bc                __bss_section_table = .
                0x000001bc        0x4 LONG 0x20000000 ADDR (.bss)
                0x000001c0        0x4 LONG 0x508 SIZEOF (.bss)
                0x000001c4        0x4 LONG 0x1fff0000 ADDR (.bss_RAM2)
                0x000001c8        0x4 LONG 0x0 SIZEOF (.bss_RAM2)
                0x000001cc        0x4 LONG 0x14000000 ADDR (.bss_RAM3)
                0x000001d0        0x4 LONG 0x0 SIZEOF (.bss_RAM3)
                0x000001d4                __bss_section_table_end = .
                0x000001d4                __section_table_end = .
 *(SORT_BY_ALIGNMENT(.after_vectors*))
 .after_vectors.reset
                0x000001d4       0x4c ./SDK/startup/startup_mk64f12.o
                0x000001d4                ResetISR
 .after_vectors.init_data
                0x00000220       0x1e ./SDK/startup/startup_mk64f12.o
                0x00000220                data_init
 .after_vectors.init_bss
                0x0000023e       0x12 ./SDK/startup/startup_mk64f12.o
                0x0000023e                bss_init
 .after_vectors
                0x00000250       0x14 ./SDK/startup/startup_mk64f12.o
                0x00000250                NMI_Handler
                0x00000254                MemManage_Handler
                0x00000256                BusFault_Handler
                0x00000258                UsageFault_Handler
                0x0000025a                SVC_Handler
                0x0000025c                DebugMon_Handler
                0x0000025e                PendSV_Handler
                0x00000260                SysTick_Handler
                0x00000262                DMA_Error_DriverIRQHandler
                0x00000262                LPTMR0_DriverIRQHandler
                0x00000262                FTM1_DriverIRQHandler
                0x00000262                FTM2_DriverIRQHandler
                0x00000262                PIT2_DriverIRQHandler
                0x00000262                SDHC_DriverIRQHandler
                0x00000262                I2S0_Tx_DriverIRQHandler
                0x00000262                RTC_Seconds_DriverIRQHandler
                0x00000262                DMA6_DriverIRQHandler
                0x00000262                LLWU_DriverIRQHandler
                0x00000262                MCM_DriverIRQHandler
                0x00000262                MCG_DriverIRQHandler
                0x00000262                ENET_1588_Timer_DriverIRQHandler
                0x00000262                I2C2_DriverIRQHandler
                0x00000262                DAC1_DriverIRQHandler
                0x00000262                SPI1_DriverIRQHandler
                0x00000262                CMP1_DriverIRQHandler
                0x00000262                UART5_RX_TX_DriverIRQHandler
                0x00000262                FTM0_DriverIRQHandler
                0x00000262                IntDefaultHandler
                0x00000262                USB0_DriverIRQHandler
                0x00000262                UART5_ERR_DriverIRQHandler
                0x00000262                PORTC_DriverIRQHandler
                0x00000262                DMA11_DriverIRQHandler
                0x00000262                DAC0_DriverIRQHandler
                0x00000262                DMA10_DriverIRQHandler
                0x00000262                CMP2_DriverIRQHandler
                0x00000262                UART2_ERR_DriverIRQHandler
                0x00000262                SPI2_DriverIRQHandler
                0x00000262                LVD_LVW_DriverIRQHandler
                0x00000262                PIT0_DriverIRQHandler
                0x00000262                RNG_DriverIRQHandler
                0x00000262                DMA12_DriverIRQHandler
                0x00000262                DMA4_DriverIRQHandler
                0x00000262                UART2_RX_TX_DriverIRQHandler
                0x00000262                USBDCD_DriverIRQHandler
                0x00000262                UART3_ERR_DriverIRQHandler
                0x00000262                DMA3_DriverIRQHandler
                0x00000262                DMA8_DriverIRQHandler
                0x00000262                DMA9_DriverIRQHandler
                0x00000262                UART0_ERR_DriverIRQHandler
                0x00000262                CMT_DriverIRQHandler
                0x00000262                Reserved71_DriverIRQHandler
                0x00000262                ADC1_DriverIRQHandler
                0x00000262                PORTA_DriverIRQHandler
                0x00000262                DMA14_DriverIRQHandler
                0x00000262                PIT3_DriverIRQHandler
                0x00000262                PIT1_DriverIRQHandler
                0x00000262                WDOG_EWM_DriverIRQHandler
                0x00000262                PDB0_DriverIRQHandler
                0x00000262                RTC_DriverIRQHandler
                0x00000262                I2S0_Rx_DriverIRQHandler
                0x00000262                Read_Collision_DriverIRQHandler
                0x00000262                SWI_DriverIRQHandler
                0x00000262                UART4_RX_TX_DriverIRQHandler
                0x00000262                UART4_ERR_DriverIRQHandler
                0x00000262                PORTB_DriverIRQHandler
                0x00000262                UART0_LON_DriverIRQHandler
                0x00000262                DMA0_DriverIRQHandler
                0x00000262                DMA1_DriverIRQHandler
                0x00000262                I2C1_DriverIRQHandler
                0x00000262                UART3_RX_TX_DriverIRQHandler
                0x00000262                ENET_Receive_DriverIRQHandler
                0x00000262                DMA13_DriverIRQHandler
                0x00000262                ENET_Error_DriverIRQHandler
                0x00000262                DMA15_DriverIRQHandler
                0x00000262                UART0_RX_TX_DriverIRQHandler
                0x00000262                SPI0_DriverIRQHandler
                0x00000262                ADC0_DriverIRQHandler
                0x00000262                CMP0_DriverIRQHandler
                0x00000262                CAN0_DriverIRQHandler
                0x00000262                FTM3_DriverIRQHandler
                0x00000262                DMA5_DriverIRQHandler
                0x00000262                UART1_ERR_DriverIRQHandler
                0x00000262                DMA2_DriverIRQHandler
                0x00000262                ENET_Transmit_DriverIRQHandler
                0x00000262                PORTD_DriverIRQHandler
                0x00000262                PORTE_DriverIRQHandler
                0x00000262                FTFE_DriverIRQHandler
                0x00000262                I2C0_DriverIRQHandler
                0x00000262                DMA7_DriverIRQHandler
                0x00000262                UART1_RX_TX_DriverIRQHandler
                0x00000400                . = 0x400
 *fill*         0x00000264      0x19c ff
                0x00000400                PROVIDE (__FLASH_CONFIG_START__, .)
 *(SORT_BY_ALIGNMENT(.FlashConfig))
 .FlashConfig   0x00000400       0x10 ./SDK/startup/startup_mk64f12.o
                0x00000400                Flash_Config
                0x00000410                PROVIDE (__FLASH_CONFIG_END__, .)
                0x00000001                ASSERT (! ((__FLASH_CONFIG_START__ == __FLASH_CONFIG_END__)), Linker Flash Config Support Enabled, but no .FlashConfig section provided within application)
 *(SORT_BY_ALIGNMENT(.text*))
 .text.__NVIC_EnableIRQ
                0x00000410       0x3c ./source/App.o
 .text.App_Init
                0x0000044c       0x38 ./source/App.o
                0x0000044c                App_Init
 .text.interrupts_init
                0x00000484       0x4c ./source/gpio.o
                0x00000484                interrupts_init
 .text.gpioMode
                0x000004d0       0x84 ./source/gpio.o
                0x000004d0                gpioMode
 .text.initial_conf_pcr
                0x00000554       0x8c ./source/gpio.o
 .text.initial_conf_gpio
                0x000005e0       0x9c ./source/gpio.o
 .text.set_input_mode
                0x0000067c       0x84 ./source/gpio.o
 .text.set_output_mode
                0x00000700       0x4c ./source/gpio.o
 .text.set_input_pulldown_mode
                0x0000074c       0x54 ./source/gpio.o
 .text.set_input_pullup_mode
                0x000007a0       0x54 ./source/gpio.o
 .text.gpioWrite
                0x000007f4       0x80 ./source/gpio.o
                0x000007f4                gpioWrite
 .text.gpioToggle
                0x00000874       0x60 ./source/gpio.o
                0x00000874                gpioToggle
 .text.gpioIRQ  0x000008d4      0x134 ./source/gpio.o
                0x000008d4                gpioIRQ
 .text.get_interrupt_pin
                0x00000a08       0x88 ./source/gpio.o
                0x00000a08                get_interrupt_pin
 .text.PORTA_IRQHandler
                0x00000a90       0x34 ./source/gpio.o
                0x00000a90                PORTA_IRQHandler
 .text.PORTB_IRQHandler
                0x00000ac4       0x38 ./source/gpio.o
                0x00000ac4                PORTB_IRQHandler
 .text.PORTC_IRQHandler
                0x00000afc       0x38 ./source/gpio.o
                0x00000afc                PORTC_IRQHandler
 .text.PORTD_IRQHandler
                0x00000b34       0x38 ./source/gpio.o
                0x00000b34                PORTD_IRQHandler
 .text.PORTE_IRQHandler
                0x00000b6c       0x38 ./source/gpio.o
                0x00000b6c                PORTE_IRQHandler
 .text.PORT_ClearInterruptFlag
                0x00000ba4       0x4c ./source/gpio.o
                0x00000ba4                PORT_ClearInterruptFlag
 .text.enable_interrupt_pins
                0x00000bf0       0x6c ./source/gpio.o
 .text.disable_interrupt_pins
                0x00000c5c       0x84 ./source/gpio.o
 .text.hw_Init  0x00000ce0      0x10c ./SDK/startup/hardware.o
                0x00000ce0                hw_Init
 .text.hw_EnableInterrupts
                0x00000dec       0x30 ./SDK/startup/hardware.o
                0x00000dec                hw_EnableInterrupts
 .text.hw_DisableInterrupts
                0x00000e1c       0x20 ./SDK/startup/hardware.o
                0x00000e1c                hw_DisableInterrupts
 .text.SystemInit
                0x00000e3c       0x3c ./SDK/CMSIS/system_MK64F12.o
                0x00000e3c                SystemInit
 .text.App_Run  0x00000e78        0xe ./source/App.o
                0x00000e78                App_Run
 .text.button_handler
                0x00000e86        0xe ./source/App.o
                0x00000e86                button_handler
 .text.main     0x00000e94       0x1a ./SDK/startup/main.o
                0x00000e94                main
 .text.HardFault_Handler
                0x00000eae       0x2c ./SDK/startup/semihost_hardfault.o
                0x00000eae                HardFault_Handler
 .text.DMA0_IRQHandler
                0x00000eda        0x8 ./SDK/startup/startup_mk64f12.o
                0x00000eda                DMA0_IRQHandler
 .text.DMA1_IRQHandler
                0x00000ee2        0x8 ./SDK/startup/startup_mk64f12.o
                0x00000ee2                DMA1_IRQHandler
 .text.DMA2_IRQHandler
                0x00000eea        0x8 ./SDK/startup/startup_mk64f12.o
                0x00000eea                DMA2_IRQHandler
 .text.DMA3_IRQHandler
                0x00000ef2        0x8 ./SDK/startup/startup_mk64f12.o
                0x00000ef2                DMA3_IRQHandler
 .text.DMA4_IRQHandler
                0x00000efa        0x8 ./SDK/startup/startup_mk64f12.o
                0x00000efa                DMA4_IRQHandler
 .text.DMA5_IRQHandler
                0x00000f02        0x8 ./SDK/startup/startup_mk64f12.o
                0x00000f02                DMA5_IRQHandler
 .text.DMA6_IRQHandler
                0x00000f0a        0x8 ./SDK/startup/startup_mk64f12.o
                0x00000f0a                DMA6_IRQHandler
 .text.DMA7_IRQHandler
                0x00000f12        0x8 ./SDK/startup/startup_mk64f12.o
                0x00000f12                DMA7_IRQHandler
 .text.DMA8_IRQHandler
                0x00000f1a        0x8 ./SDK/startup/startup_mk64f12.o
                0x00000f1a                DMA8_IRQHandler
 .text.DMA9_IRQHandler
                0x00000f22        0x8 ./SDK/startup/startup_mk64f12.o
                0x00000f22                DMA9_IRQHandler
 .text.DMA10_IRQHandler
                0x00000f2a        0x8 ./SDK/startup/startup_mk64f12.o
                0x00000f2a                DMA10_IRQHandler
 .text.DMA11_IRQHandler
                0x00000f32        0x8 ./SDK/startup/startup_mk64f12.o
                0x00000f32                DMA11_IRQHandler
 .text.DMA12_IRQHandler
                0x00000f3a        0x8 ./SDK/startup/startup_mk64f12.o
                0x00000f3a                DMA12_IRQHandler
 .text.DMA13_IRQHandler
                0x00000f42        0x8 ./SDK/startup/startup_mk64f12.o
                0x00000f42                DMA13_IRQHandler
 .text.DMA14_IRQHandler
                0x00000f4a        0x8 ./SDK/startup/startup_mk64f12.o
                0x00000f4a                DMA14_IRQHandler
 .text.DMA15_IRQHandler
                0x00000f52        0x8 ./SDK/startup/startup_mk64f12.o
                0x00000f52                DMA15_IRQHandler
 .text.DMA_Error_IRQHandler
                0x00000f5a        0x8 ./SDK/startup/startup_mk64f12.o
                0x00000f5a                DMA_Error_IRQHandler
 .text.MCM_IRQHandler
                0x00000f62        0x8 ./SDK/startup/startup_mk64f12.o
                0x00000f62                MCM_IRQHandler
 .text.FTFE_IRQHandler
                0x00000f6a        0x8 ./SDK/startup/startup_mk64f12.o
                0x00000f6a                FTFE_IRQHandler
 .text.Read_Collision_IRQHandler
                0x00000f72        0x8 ./SDK/startup/startup_mk64f12.o
                0x00000f72                Read_Collision_IRQHandler
 .text.LVD_LVW_IRQHandler
                0x00000f7a        0x8 ./SDK/startup/startup_mk64f12.o
                0x00000f7a                LVD_LVW_IRQHandler
 .text.LLWU_IRQHandler
                0x00000f82        0x8 ./SDK/startup/startup_mk64f12.o
                0x00000f82                LLWU_IRQHandler
 .text.WDOG_EWM_IRQHandler
                0x00000f8a        0x8 ./SDK/startup/startup_mk64f12.o
                0x00000f8a                WDOG_EWM_IRQHandler
 .text.RNG_IRQHandler
                0x00000f92        0x8 ./SDK/startup/startup_mk64f12.o
                0x00000f92                RNG_IRQHandler
 .text.I2C0_IRQHandler
                0x00000f9a        0x8 ./SDK/startup/startup_mk64f12.o
                0x00000f9a                I2C0_IRQHandler
 .text.I2C1_IRQHandler
                0x00000fa2        0x8 ./SDK/startup/startup_mk64f12.o
                0x00000fa2                I2C1_IRQHandler
 .text.SPI0_IRQHandler
                0x00000faa        0x8 ./SDK/startup/startup_mk64f12.o
                0x00000faa                SPI0_IRQHandler
 .text.SPI1_IRQHandler
                0x00000fb2        0x8 ./SDK/startup/startup_mk64f12.o
                0x00000fb2                SPI1_IRQHandler
 .text.I2S0_Tx_IRQHandler
                0x00000fba        0x8 ./SDK/startup/startup_mk64f12.o
                0x00000fba                I2S0_Tx_IRQHandler
 .text.I2S0_Rx_IRQHandler
                0x00000fc2        0x8 ./SDK/startup/startup_mk64f12.o
                0x00000fc2                I2S0_Rx_IRQHandler
 .text.UART0_LON_IRQHandler
                0x00000fca        0x8 ./SDK/startup/startup_mk64f12.o
                0x00000fca                UART0_LON_IRQHandler
 .text.UART0_RX_TX_IRQHandler
                0x00000fd2        0x8 ./SDK/startup/startup_mk64f12.o
                0x00000fd2                UART0_RX_TX_IRQHandler
 .text.UART0_ERR_IRQHandler
                0x00000fda        0x8 ./SDK/startup/startup_mk64f12.o
                0x00000fda                UART0_ERR_IRQHandler
 .text.UART1_RX_TX_IRQHandler
                0x00000fe2        0x8 ./SDK/startup/startup_mk64f12.o
                0x00000fe2                UART1_RX_TX_IRQHandler
 .text.UART1_ERR_IRQHandler
                0x00000fea        0x8 ./SDK/startup/startup_mk64f12.o
                0x00000fea                UART1_ERR_IRQHandler
 .text.UART2_RX_TX_IRQHandler
                0x00000ff2        0x8 ./SDK/startup/startup_mk64f12.o
                0x00000ff2                UART2_RX_TX_IRQHandler
 .text.UART2_ERR_IRQHandler
                0x00000ffa        0x8 ./SDK/startup/startup_mk64f12.o
                0x00000ffa                UART2_ERR_IRQHandler
 .text.UART3_RX_TX_IRQHandler
                0x00001002        0x8 ./SDK/startup/startup_mk64f12.o
                0x00001002                UART3_RX_TX_IRQHandler
 .text.UART3_ERR_IRQHandler
                0x0000100a        0x8 ./SDK/startup/startup_mk64f12.o
                0x0000100a                UART3_ERR_IRQHandler
 .text.ADC0_IRQHandler
                0x00001012        0x8 ./SDK/startup/startup_mk64f12.o
                0x00001012                ADC0_IRQHandler
 .text.CMP0_IRQHandler
                0x0000101a        0x8 ./SDK/startup/startup_mk64f12.o
                0x0000101a                CMP0_IRQHandler
 .text.CMP1_IRQHandler
                0x00001022        0x8 ./SDK/startup/startup_mk64f12.o
                0x00001022                CMP1_IRQHandler
 .text.FTM0_IRQHandler
                0x0000102a        0x8 ./SDK/startup/startup_mk64f12.o
                0x0000102a                FTM0_IRQHandler
 .text.FTM1_IRQHandler
                0x00001032        0x8 ./SDK/startup/startup_mk64f12.o
                0x00001032                FTM1_IRQHandler
 .text.FTM2_IRQHandler
                0x0000103a        0x8 ./SDK/startup/startup_mk64f12.o
                0x0000103a                FTM2_IRQHandler
 .text.CMT_IRQHandler
                0x00001042        0x8 ./SDK/startup/startup_mk64f12.o
                0x00001042                CMT_IRQHandler
 .text.RTC_IRQHandler
                0x0000104a        0x8 ./SDK/startup/startup_mk64f12.o
                0x0000104a                RTC_IRQHandler
 .text.RTC_Seconds_IRQHandler
                0x00001052        0x8 ./SDK/startup/startup_mk64f12.o
                0x00001052                RTC_Seconds_IRQHandler
 .text.PIT0_IRQHandler
                0x0000105a        0x8 ./SDK/startup/startup_mk64f12.o
                0x0000105a                PIT0_IRQHandler
 .text.PIT1_IRQHandler
                0x00001062        0x8 ./SDK/startup/startup_mk64f12.o
                0x00001062                PIT1_IRQHandler
 .text.PIT2_IRQHandler
                0x0000106a        0x8 ./SDK/startup/startup_mk64f12.o
                0x0000106a                PIT2_IRQHandler
 .text.PIT3_IRQHandler
                0x00001072        0x8 ./SDK/startup/startup_mk64f12.o
                0x00001072                PIT3_IRQHandler
 .text.PDB0_IRQHandler
                0x0000107a        0x8 ./SDK/startup/startup_mk64f12.o
                0x0000107a                PDB0_IRQHandler
 .text.USB0_IRQHandler
                0x00001082        0x8 ./SDK/startup/startup_mk64f12.o
                0x00001082                USB0_IRQHandler
 .text.USBDCD_IRQHandler
                0x0000108a        0x8 ./SDK/startup/startup_mk64f12.o
                0x0000108a                USBDCD_IRQHandler
 .text.Reserved71_IRQHandler
                0x00001092        0x8 ./SDK/startup/startup_mk64f12.o
                0x00001092                Reserved71_IRQHandler
 .text.DAC0_IRQHandler
                0x0000109a        0x8 ./SDK/startup/startup_mk64f12.o
                0x0000109a                DAC0_IRQHandler
 .text.MCG_IRQHandler
                0x000010a2        0x8 ./SDK/startup/startup_mk64f12.o
                0x000010a2                MCG_IRQHandler
 .text.LPTMR0_IRQHandler
                0x000010aa        0x8 ./SDK/startup/startup_mk64f12.o
                0x000010aa                LPTMR0_IRQHandler
 .text.SWI_IRQHandler
                0x000010b2        0x8 ./SDK/startup/startup_mk64f12.o
                0x000010b2                SWI_IRQHandler
 .text.SPI2_IRQHandler
                0x000010ba        0x8 ./SDK/startup/startup_mk64f12.o
                0x000010ba                SPI2_IRQHandler
 .text.UART4_RX_TX_IRQHandler
                0x000010c2        0x8 ./SDK/startup/startup_mk64f12.o
                0x000010c2                UART4_RX_TX_IRQHandler
 .text.UART4_ERR_IRQHandler
                0x000010ca        0x8 ./SDK/startup/startup_mk64f12.o
                0x000010ca                UART4_ERR_IRQHandler
 .text.UART5_RX_TX_IRQHandler
                0x000010d2        0x8 ./SDK/startup/startup_mk64f12.o
                0x000010d2                UART5_RX_TX_IRQHandler
 .text.UART5_ERR_IRQHandler
                0x000010da        0x8 ./SDK/startup/startup_mk64f12.o
                0x000010da                UART5_ERR_IRQHandler
 .text.CMP2_IRQHandler
                0x000010e2        0x8 ./SDK/startup/startup_mk64f12.o
                0x000010e2                CMP2_IRQHandler
 .text.FTM3_IRQHandler
                0x000010ea        0x8 ./SDK/startup/startup_mk64f12.o
                0x000010ea                FTM3_IRQHandler
 .text.DAC1_IRQHandler
                0x000010f2        0x8 ./SDK/startup/startup_mk64f12.o
                0x000010f2                DAC1_IRQHandler
 .text.ADC1_IRQHandler
                0x000010fa        0x8 ./SDK/startup/startup_mk64f12.o
                0x000010fa                ADC1_IRQHandler
 .text.I2C2_IRQHandler
                0x00001102        0x8 ./SDK/startup/startup_mk64f12.o
                0x00001102                I2C2_IRQHandler
 .text.CAN0_ORed_Message_buffer_IRQHandler
                0x0000110a        0x8 ./SDK/startup/startup_mk64f12.o
                0x0000110a                CAN0_ORed_Message_buffer_IRQHandler
 .text.CAN0_Bus_Off_IRQHandler
                0x00001112        0x8 ./SDK/startup/startup_mk64f12.o
                0x00001112                CAN0_Bus_Off_IRQHandler
 .text.CAN0_Error_IRQHandler
                0x0000111a        0x8 ./SDK/startup/startup_mk64f12.o
                0x0000111a                CAN0_Error_IRQHandler
 .text.CAN0_Tx_Warning_IRQHandler
                0x00001122        0x8 ./SDK/startup/startup_mk64f12.o
                0x00001122                CAN0_Tx_Warning_IRQHandler
 .text.CAN0_Rx_Warning_IRQHandler
                0x0000112a        0x8 ./SDK/startup/startup_mk64f12.o
                0x0000112a                CAN0_Rx_Warning_IRQHandler
 .text.CAN0_Wake_Up_IRQHandler
                0x00001132        0x8 ./SDK/startup/startup_mk64f12.o
                0x00001132                CAN0_Wake_Up_IRQHandler
 .text.SDHC_IRQHandler
                0x0000113a        0x8 ./SDK/startup/startup_mk64f12.o
                0x0000113a                SDHC_IRQHandler
 .text.ENET_1588_Timer_IRQHandler
                0x00001142        0x8 ./SDK/startup/startup_mk64f12.o
                0x00001142                ENET_1588_Timer_IRQHandler
 .text.ENET_Transmit_IRQHandler
                0x0000114a        0x8 ./SDK/startup/startup_mk64f12.o
                0x0000114a                ENET_Transmit_IRQHandler
 .text.ENET_Receive_IRQHandler
                0x00001152        0x8 ./SDK/startup/startup_mk64f12.o
                0x00001152                ENET_Receive_IRQHandler
 .text.ENET_Error_IRQHandler
                0x0000115a        0x8 ./SDK/startup/startup_mk64f12.o
                0x0000115a                ENET_Error_IRQHandler
 .text.SystemInitHook
                0x00001162        0xe ./SDK/CMSIS/system_MK64F12.o
                0x00001162                SystemInitHook
 *(SORT_BY_ALIGNMENT(.rodata) SORT_BY_ALIGNMENT(.rodata.*) SORT_BY_ALIGNMENT(.constdata) SORT_BY_ALIGNMENT(.constdata.*))
 .rodata        0x00001170       0x28 ./source/gpio.o
                0x00001198                . = ALIGN (0x8)

.glue_7         0x00001198        0x0
 .glue_7        0x00001198        0x0 linker stubs

.glue_7t        0x00001198        0x0
 .glue_7t       0x00001198        0x0 linker stubs

.vfp11_veneer   0x00001198        0x0
 .vfp11_veneer  0x00001198        0x0 linker stubs

.v4_bx          0x00001198        0x0
 .v4_bx         0x00001198        0x0 linker stubs

.iplt           0x00001198        0x0
 .iplt          0x00001198        0x0 ./source/App.o

.rel.dyn        0x00001198        0x0
 .rel.iplt      0x00001198        0x0 ./source/App.o

.ARM.extab
 *(SORT_BY_ALIGNMENT(.ARM.extab*) SORT_BY_ALIGNMENT(.gnu.linkonce.armextab.*))
                0x00001198                __exidx_start = .

.ARM.exidx
 *(SORT_BY_ALIGNMENT(.ARM.exidx*) SORT_BY_ALIGNMENT(.gnu.linkonce.armexidx.*))
                0x00001198                __exidx_end = .
                0x00001198                _etext = .

.m_usb_data
 *(SORT_BY_ALIGNMENT(m_usb_bdt))

.data_RAM2      0x1fff0000        0x0 load address 0x00001198
 FILL mask 0xff
                [!provide]                PROVIDE (__start_data_RAM2, .)
 *(SORT_BY_ALIGNMENT(.ramfunc.$RAM2))
 *(SORT_BY_ALIGNMENT(.ramfunc.$SRAM_LOWER))
 *(SORT_BY_ALIGNMENT(.data.$RAM2*))
 *(SORT_BY_ALIGNMENT(.data.$SRAM_LOWER*))
                0x1fff0000                . = ALIGN (0x8)
                [!provide]                PROVIDE (__end_data_RAM2, .)

.data_RAM3      0x14000000        0x0 load address 0x00001198
 FILL mask 0xff
                [!provide]                PROVIDE (__start_data_RAM3, .)
 *(SORT_BY_ALIGNMENT(.ramfunc.$RAM3))
 *(SORT_BY_ALIGNMENT(.ramfunc.$FLEX_RAM))
 *(SORT_BY_ALIGNMENT(.data.$RAM3*))
 *(SORT_BY_ALIGNMENT(.data.$FLEX_RAM*))
                0x14000000                . = ALIGN (0x8)
                [!provide]                PROVIDE (__end_data_RAM3, .)

.uninit_RESERVED
                0x20000000        0x0
 *(SORT_BY_ALIGNMENT(.bss.$RESERVED*))
                0x20000000                . = ALIGN (0x4)
                0x20000000                _end_uninit_RESERVED = .

.data           0x20000000        0x0 load address 0x00001198
 FILL mask 0xff
                0x20000000                _data = .
 *(SORT_BY_ALIGNMENT(vtable))
 *(SORT_BY_ALIGNMENT(.ramfunc*))
 *(SORT_BY_ALIGNMENT(.data*))
                0x20000000                . = ALIGN (0x8)
                0x20000000                _edata = .

.igot.plt       0x20000000        0x0 load address 0x00001198
 .igot.plt      0x20000000        0x0 ./source/App.o

.bss_RAM2       0x1fff0000        0x0
                [!provide]                PROVIDE (__start_bss_RAM2, .)
 *(SORT_BY_ALIGNMENT(.bss.$RAM2*))
 *(SORT_BY_ALIGNMENT(.bss.$SRAM_LOWER*))
                0x1fff0000                . = ALIGN ((. != 0x0)?0x8:0x1)
                [!provide]                PROVIDE (__end_bss_RAM2, .)

.bss_RAM3       0x14000000        0x0
                [!provide]                PROVIDE (__start_bss_RAM3, .)
 *(SORT_BY_ALIGNMENT(.bss.$RAM3*))
 *(SORT_BY_ALIGNMENT(.bss.$FLEX_RAM*))
                0x14000000                . = ALIGN ((. != 0x0)?0x8:0x1)
                [!provide]                PROVIDE (__end_bss_RAM3, .)

.bss            0x20000000      0x508
                0x20000000                _bss = .
 *(SORT_BY_ALIGNMENT(.bss*))
 .bss.interrupt_matrix
                0x20000000      0x280 ./source/gpio.o
                0x20000000                interrupt_matrix
 .bss.interrupt_pins
                0x20000280      0x280 ./source/gpio.o
                0x20000280                interrupt_pins
 .bss.__LDM_interruptDisableCount
                0x20000500        0x4 ./SDK/startup/hardware.o
 *(SORT_BY_ALIGNMENT(COMMON))
                0x20000508                . = ALIGN (0x8)
 *fill*         0x20000504        0x4 
                0x20000508                _ebss = .
                [!provide]                PROVIDE (end, .)

.noinit_RAM2    0x1fff0000        0x0
 *(SORT_BY_ALIGNMENT(.noinit.$RAM2*))
 *(SORT_BY_ALIGNMENT(.noinit.$SRAM_LOWER*))
                0x1fff0000                . = ALIGN (0x8)

.noinit_RAM3    0x14000000        0x0
 *(SORT_BY_ALIGNMENT(.noinit.$RAM3*))
 *(SORT_BY_ALIGNMENT(.noinit.$FLEX_RAM*))
                0x14000000                . = ALIGN (0x8)

.noinit         0x20000508        0x0
                0x20000508                _noinit = .
 *(SORT_BY_ALIGNMENT(.noinit*))
                0x20000508                . = ALIGN (0x8)
                0x20000508                _end_noinit = .
                0x00001000                _HeapSize = 0x1000

.heap           0x20000508     0x1000
                0x20000508                _pvHeapStart = .
                0x20001508                . = (. + _HeapSize)
 *fill*         0x20000508     0x1000 
                0x20001508                . = ALIGN (0x8)
                0x20001508                _pvHeapLimit = .
                0x00001000                _StackSize = 0x1000

.heap2stackfill
                0x20001508     0x1000
                0x20002508                . = (. + _StackSize)
 *fill*         0x20001508     0x1000 

.stack          0x2002f000        0x0
                0x2002f000                _vStackBase = .
                0x2002f000                . = ALIGN (0x8)
                0x20030000                _vStackTop = (. + _StackSize)
                0x00000000                _image_start = LOADADDR (.text)
                0x00001198                _image_end = (LOADADDR (.data) + SIZEOF (.data))
                0x00001198                _image_size = (_image_end - _image_start)
OUTPUT(Baliza_IRQ.axf elf32-littlearm)

.debug_info     0x00000000     0x2477
 .debug_info    0x00000000      0x4e1 ./source/App.o
 .debug_info    0x000004e1      0x983 ./source/gpio.o
 .debug_info    0x00000e64      0x675 ./SDK/startup/hardware.o
 .debug_info    0x000014d9       0xb7 ./SDK/startup/main.o
 .debug_info    0x00001590       0x3b ./SDK/startup/semihost_hardfault.o
 .debug_info    0x000015cb      0x8b0 ./SDK/startup/startup_mk64f12.o
 .debug_info    0x00001e7b      0x5fc ./SDK/CMSIS/system_MK64F12.o

.debug_abbrev   0x00000000      0x879
 .debug_abbrev  0x00000000      0x159 ./source/App.o
 .debug_abbrev  0x00000159      0x2a1 ./source/gpio.o
 .debug_abbrev  0x000003fa      0x138 ./SDK/startup/hardware.o
 .debug_abbrev  0x00000532       0x7d ./SDK/startup/main.o
 .debug_abbrev  0x000005af       0x2f ./SDK/startup/semihost_hardfault.o
 .debug_abbrev  0x000005de      0x15c ./SDK/startup/startup_mk64f12.o
 .debug_abbrev  0x0000073a      0x13f ./SDK/CMSIS/system_MK64F12.o

.debug_aranges  0x00000000      0x4c8
 .debug_aranges
                0x00000000       0x38 ./source/App.o
 .debug_aranges
                0x00000038       0xc0 ./source/gpio.o
 .debug_aranges
                0x000000f8       0x30 ./SDK/startup/hardware.o
 .debug_aranges
                0x00000128       0x20 ./SDK/startup/main.o
 .debug_aranges
                0x00000148       0x20 ./SDK/startup/semihost_hardfault.o
 .debug_aranges
                0x00000168      0x330 ./SDK/startup/startup_mk64f12.o
 .debug_aranges
                0x00000498       0x30 ./SDK/CMSIS/system_MK64F12.o

.debug_ranges   0x00000000      0x470
 .debug_ranges  0x00000000       0x28 ./source/App.o
 .debug_ranges  0x00000028       0xc8 ./source/gpio.o
 .debug_ranges  0x000000f0       0x20 ./SDK/startup/hardware.o
 .debug_ranges  0x00000110       0x10 ./SDK/startup/main.o
 .debug_ranges  0x00000120       0x10 ./SDK/startup/semihost_hardfault.o
 .debug_ranges  0x00000130      0x320 ./SDK/startup/startup_mk64f12.o
 .debug_ranges  0x00000450       0x20 ./SDK/CMSIS/system_MK64F12.o

.debug_macro    0x00000000    0x114a1
 .debug_macro   0x00000000       0x95 ./source/App.o
 .debug_macro   0x00000095      0xa5a ./source/App.o
 .debug_macro   0x00000aef      0x34e ./source/App.o
 .debug_macro   0x00000e3d       0x22 ./source/App.o
 .debug_macro   0x00000e5f       0x3a ./source/App.o
 .debug_macro   0x00000e99       0x34 ./source/App.o
 .debug_macro   0x00000ecd       0x5c ./source/App.o
 .debug_macro   0x00000f29       0x1c ./source/App.o
 .debug_macro   0x00000f45       0x22 ./source/App.o
 .debug_macro   0x00000f67       0xdf ./source/App.o
 .debug_macro   0x00001046      0xecf ./source/App.o
 .debug_macro   0x00001f15       0x48 ./source/App.o
 .debug_macro   0x00001f5d     0xe07b ./source/App.o
 .debug_macro   0x0000ffd8       0x86 ./source/gpio.o
 .debug_macro   0x0001005e       0x9c ./SDK/startup/hardware.o
 .debug_macro   0x000100fa       0x10 ./SDK/startup/hardware.o
 .debug_macro   0x0001010a     0x122b ./SDK/startup/hardware.o
 .debug_macro   0x00011335       0x16 ./SDK/startup/hardware.o
 .debug_macro   0x0001134b       0x9c ./SDK/startup/main.o
 .debug_macro   0x000113e7       0x11 ./SDK/startup/semihost_hardfault.o
 .debug_macro   0x000113f8       0x29 ./SDK/startup/startup_mk64f12.o
 .debug_macro   0x00011421       0x80 ./SDK/CMSIS/system_MK64F12.o

.debug_line     0x00000000     0x111e
 .debug_line    0x00000000      0x17e ./source/App.o
 .debug_line    0x0000017e      0x35f ./source/gpio.o
 .debug_line    0x000004dd      0x1d4 ./SDK/startup/hardware.o
 .debug_line    0x000006b1      0x175 ./SDK/startup/main.o
 .debug_line    0x00000826       0x59 ./SDK/startup/semihost_hardfault.o
 .debug_line    0x0000087f      0x6d8 ./SDK/startup/startup_mk64f12.o
 .debug_line    0x00000f57      0x1c7 ./SDK/CMSIS/system_MK64F12.o

.debug_str      0x00000000    0x78240
 .debug_str     0x00000000    0x70a17 ./source/App.o
                              0x70bd2 (size before relaxing)
 .debug_str     0x00070a17      0x239 ./source/gpio.o
                              0x7080b (size before relaxing)
 .debug_str     0x00070c50     0x6d58 ./SDK/startup/hardware.o
                              0x77213 (size before relaxing)
 .debug_str     0x000779a8       0x1b ./SDK/startup/main.o
                              0x76fe7 (size before relaxing)
 .debug_str     0x000779c3       0x36 ./SDK/startup/semihost_hardfault.o
                               0x2d4d (size before relaxing)
 .debug_str     0x000779f9      0x7e5 ./SDK/startup/startup_mk64f12.o
                               0x35bb (size before relaxing)
 .debug_str     0x000781de       0x62 ./SDK/CMSIS/system_MK64F12.o
                              0x77122 (size before relaxing)

.comment        0x00000000       0x7e
 .comment       0x00000000       0x7e ./source/App.o
                                 0x7f (size before relaxing)
 .comment       0x0000007e       0x7f ./source/gpio.o
 .comment       0x0000007e       0x7f ./SDK/startup/hardware.o
 .comment       0x0000007e       0x7f ./SDK/startup/main.o
 .comment       0x0000007e       0x7f ./SDK/startup/semihost_hardfault.o
 .comment       0x0000007e       0x7f ./SDK/startup/startup_mk64f12.o
 .comment       0x0000007e       0x7f ./SDK/CMSIS/system_MK64F12.o

.ARM.attributes
                0x00000000       0x39
 .ARM.attributes
                0x00000000       0x39 ./source/App.o
 .ARM.attributes
                0x00000039       0x39 ./source/gpio.o
 .ARM.attributes
                0x00000072       0x39 ./SDK/startup/hardware.o
 .ARM.attributes
                0x000000ab       0x39 ./SDK/startup/main.o
 .ARM.attributes
                0x000000e4       0x39 ./SDK/startup/semihost_hardfault.o
 .ARM.attributes
                0x0000011d       0x39 ./SDK/startup/startup_mk64f12.o
 .ARM.attributes
                0x00000156       0x39 ./SDK/CMSIS/system_MK64F12.o

.debug_frame    0x00000000      0xe28
 .debug_frame   0x00000000       0x90 ./source/App.o
 .debug_frame   0x00000090      0x364 ./source/gpio.o
 .debug_frame   0x000003f4       0x70 ./SDK/startup/hardware.o
 .debug_frame   0x00000464       0x2c ./SDK/startup/main.o
 .debug_frame   0x00000490       0x20 ./SDK/startup/semihost_hardfault.o
 .debug_frame   0x000004b0      0x904 ./SDK/startup/startup_mk64f12.o
 .debug_frame   0x00000db4       0x74 ./SDK/CMSIS/system_MK64F12.o
